// Jest Snapshot v1, https://goo.gl/fbAQLP

exports[`BetSlipContext renders as expected 1`] = `
<DocumentFragment>
  <div>
    test
  </div>
</DocumentFragment>
`;
