// Jest Snapshot v1, https://goo.gl/fbAQLP

exports[`Event renders as expected 1`] = `
<DocumentFragment>
  <div
    class="event"
  >
    <div
      class="eventHeader"
    >
      Market Id: 1
    </div>
    <div>
      Market
    </div>
  </div>
</DocumentFragment>
`;
