// Jest Snapshot v1, https://goo.gl/fbAQLP

exports[`HomePage renders as expect 1`] = `
<DocumentFragment>
  <div
    data-testid="HomePageContainer"
  />
</DocumentFragment>
`;
