// Jest Snapshot v1, https://goo.gl/fbAQLP

exports[`Event renders as expect 1`] = `
<DocumentFragment>
  <div
    class="mainContainer"
  >
    <div
      data-testid="child"
    >
      child
    </div>
  </div>
</DocumentFragment>
`;
