// Jest Snapshot v1, https://goo.gl/fbAQLP

exports[`Event renders as expect 1`] = `
<DocumentFragment>
  <div
    class="navContainer"
  >
    <ul
      class="navBar"
    >
      <li
        class="navItem "
      >
        <a
          class="label"
          href="/"
        >
          Home
        </a>
      </li>
    </ul>
  </div>
</DocumentFragment>
`;

exports[`Event renders as expect on the homepage 1`] = `
<DocumentFragment>
  <div
    class="navContainer"
  >
    <ul
      class="navBar"
    >
      <li
        class="navItem "
      >
        <a
          class="label"
          href="/"
        >
          Home
        </a>
      </li>
    </ul>
  </div>
</DocumentFragment>
`;
