// Jest Snapshot v1, https://goo.gl/fbAQLP

exports[`Market renders as expect 1`] = `
<DocumentFragment>
  <div
    class="marketContainer"
  >
    <div
      class="marketName"
    >
      Result
    </div>
    <div
      class="outcomes"
    >
      <div />
      <div />
    </div>
  </div>
</DocumentFragment>
`;
