// Jest Snapshot v1, https://goo.gl/fbAQLP

exports[`BetSlip renders as expected 1`] = `
<DocumentFragment>
  <div
    class="betSlipContainer closed"
  >
    <button
      class="header"
    >
      <div
        class="title"
      >
        Bet Slip
      </div>
      <div
        class="icon closed"
      >
        <div
          class="icon"
        >
          <svg
            height="512"
            id="Outline"
            viewBox="0 0 24 24"
            width="512"
            xmlns="http://www.w3.org/2000/svg"
          >
            <path
              d="M23.71,16.29,15.54,8.12a5,5,0,0,0-7.08,0L.29,16.29a1,1,0,0,0,1.42,1.42L9.88,9.54a3,3,0,0,1,4.24,0l8.17,8.17a1,1,0,0,0,1.42,0A1,1,0,0,0,23.71,16.29Z"
            />
          </svg>
        </div>
      </div>
    </button>
    <div>
      BetList
    </div>
  </div>
</DocumentFragment>
`;
