// Jest Snapshot v1, https://goo.gl/fbAQLP

exports[`Outcome renders as expect 1`] = `
<DocumentFragment>
  <button
    class="outcome false"
  >
    <div
      class="name"
    >
      Team A Win
    </div>
  </button>
</DocumentFragment>
`;
